// Jest Snapshot v1, https://goo.gl/fbAQLP

exports[`App renders correctly 1`] = `
<View
  onLayout={[Function]}
  style={
    Array [
      Object {
        "flex": 1,
      },
    ]
  }
>
  <View
    onMoveShouldSetResponder={[Function]}
    onMoveShouldSetResponderCapture={[Function]}
    onResponderEnd={[Function]}
    onResponderGrant={[Function]}
    onResponderMove={[Function]}
    onResponderReject={[Function]}
    onResponderRelease={[Function]}
    onResponderStart={[Function]}
    onResponderTerminate={[Function]}
    onResponderTerminationRequest={[Function]}
    onStartShouldSetResponder={[Function]}
    onStartShouldSetResponderCapture={[Function]}
    style={
      Array [
        Object {
          "flex": 1,
          "flexDirection": "column-reverse",
        },
        Object {
          "backgroundColor": "#000",
        },
      ]
    }
  >
    <View
      style={
        Object {
          "flex": 1,
        }
      }
    >
      <View
        collapsable={undefined}
        pointerEvents="auto"
        style={
          Object {
            "backgroundColor": "#E9E9EF",
            "bottom": 0,
            "left": 0,
            "opacity": 1,
            "position": "absolute",
            "right": 0,
            "shadowColor": "black",
            "shadowOffset": Object {
              "height": 0,
              "width": 0,
            },
            "shadowOpacity": 0.2,
            "shadowRadius": 5,
            "top": 0,
            "transform": Array [
              Object {
                "translateX": 0,
              },
              Object {
                "translateY": 0,
              },
            ],
          }
        }
      >
        <RCTScrollView
          contentContainerStyle={
            Object {
              "alignItems": "center",
              "flexGrow": 1,
            }
          }
          keyboardShouldPersistTaps="handled"
          style={
            Object {
              "backgroundColor": "#273138",
            }
          }
        >
          <View>
            <Text
              accessible={true}
              allowFontScaling={true}
              ellipsizeMode="tail"
              style={
                Array [
                  Object {
                    "fontFamily": "Montserrat-Medium",
                    "fontSize": 30,
                    "marginTop": 40,
                  },
                  Object {
                    "color": "#F4565C",
                  },
                ]
              }
            >
              Who Are You
            </Text>
            <View
              style={
                Object {
                  "flexDirection": "row",
                  "justifyContent": "space-around",
                  "marginTop": 8,
                  "width": 250,
                }
              }
            >
              <View
                accessibilityComponentType={undefined}
                accessibilityLabel={undefined}
                accessibilityTraits={undefined}
                accessible={true}
                collapsable={undefined}
                hasTVPreferredFocus={undefined}
                hitSlop={undefined}
                isTVSelectable={true}
                nativeID={undefined}
                onLayout={undefined}
                onResponderGrant={[Function]}
                onResponderMove={[Function]}
                onResponderRelease={[Function]}
                onResponderTerminate={[Function]}
                onResponderTerminationRequest={[Function]}
                onStartShouldSetResponder={[Function]}
                style={
                  Object {
                    "backgroundColor": "#FC5659",
                    "borderColor": "#F4565C",
                    "borderRadius": 50,
                    "borderWidth": 1,
                    "height": 65,
                    "opacity": 1,
                    "width": 65,
                  }
                }
                testID={undefined}
                tvParallaxProperties={undefined}
              >
                <View />
              </View>
              <View
                accessibilityComponentType={undefined}
                accessibilityLabel={undefined}
                accessibilityTraits={undefined}
                accessible={true}
                collapsable={undefined}
                hasTVPreferredFocus={undefined}
                hitSlop={undefined}
                isTVSelectable={true}
                nativeID={undefined}
                onLayout={undefined}
                onResponderGrant={[Function]}
                onResponderMove={[Function]}
                onResponderRelease={[Function]}
                onResponderTerminate={[Function]}
                onResponderTerminationRequest={[Function]}
                onStartShouldSetResponder={[Function]}
                style={
                  Object {
                    "backgroundColor": "#B664E3",
                    "borderColor": "#F4565C",
                    "borderRadius": 50,
                    "borderWidth": 1,
                    "height": 65,
                    "opacity": 1,
                    "width": 65,
                  }
                }
                testID={undefined}
                tvParallaxProperties={undefined}
              >
                <View />
              </View>
              <View
                accessibilityComponentType={undefined}
                accessibilityLabel={undefined}
                accessibilityTraits={undefined}
                accessible={true}
                collapsable={undefined}
                hasTVPreferredFocus={undefined}
                hitSlop={undefined}
                isTVSelectable={true}
                nativeID={undefined}
                onLayout={undefined}
                onResponderGrant={[Function]}
                onResponderMove={[Function]}
                onResponderRelease={[Function]}
                onResponderTerminate={[Function]}
                onResponderTerminationRequest={[Function]}
                onStartShouldSetResponder={[Function]}
                style={
                  Object {
                    "backgroundColor": "#FFFFFF",
                    "borderColor": "#F4565C",
                    "borderRadius": 50,
                    "borderWidth": 1,
                    "height": 65,
                    "opacity": 1,
                    "width": 65,
                  }
                }
                testID={undefined}
                tvParallaxProperties={undefined}
              >
                <View />
              </View>
            </View>
            <View
              style={
                Object {
                  "alignItems": "center",
                  "height": 60,
                  "justifyContent": "center",
                  "marginTop": 20,
                }
              }
            >
              <View
                accessibilityComponentType={undefined}
                accessibilityLabel={undefined}
                accessibilityTraits={undefined}
                accessible={true}
                collapsable={undefined}
                hasTVPreferredFocus={undefined}
                hitSlop={undefined}
                isTVSelectable={true}
                nativeID={undefined}
                onLayout={undefined}
                onResponderGrant={[Function]}
                onResponderMove={[Function]}
                onResponderRelease={[Function]}
                onResponderTerminate={[Function]}
                onResponderTerminationRequest={[Function]}
                onStartShouldSetResponder={[Function]}
                style={
                  Object {
                    "alignItems": "center",
                    "alignSelf": "center",
                    "borderColor": "rgba(53,62,67,0.4)",
                    "borderRadius": 25,
                    "borderWidth": 4,
                    "height": 40,
                    "justifyContent": "center",
                    "opacity": 1,
                    "paddingLeft": 20,
                    "paddingRight": 20,
                  }
                }
                testID={undefined}
                tvParallaxProperties={undefined}
              >
                <Text
                  accessible={true}
                  allowFontScaling={true}
                  ellipsizeMode="tail"
                  style={
                    Array [
                      Object {
                        "fontFamily": "Montserrat-Medium",
                      },
                      Object {
                        "color": "#F4565C",
                      },
                      Object {
                        "fontSize": 20,
                      },
                    ]
                  }
                >
                  Already have an account?
                </Text>
              </View>
            </View>
            <TextInput
              allowFontScaling={true}
              colors={
                Object {
                  "colorAccent": "#F4565C",
                  "colorBackgroud": Object {
                    "backgroundColor": "#273138",
                  },
                  "colorBorder": Object {
                    "borderColor": "#F4565C",
                  },
                  "colorButtonBorder": Object {
                    "borderColor": "#353E43",
                  },
                  "colorButtons": Object {
                    "backgroundColor": "#353E43",
                    "borderColor": "#353E43",
                  },
                  "colorDark": "#273138",
                  "colorPrimary": "#353E43",
                  "colorText": Object {
                    "color": "#F4565C",
                  },
                }
              }
              disableFullscreenUI={true}
              dispatch={[Function]}
              onChange={[Function]}
              placeholder="NAME"
              placeholderTextColor="rgba(244,86,92,0.5)"
              returnKeyType="next"
              selectTextOnFocus={false}
              selectionColor="rgba(244,86,92,0.2)"
              style={
                Array [
                  Object {
                    "borderRadius": 50,
                    "borderWidth": 2,
                    "fontSize": 17,
                    "height": 40,
                    "marginTop": 10,
                    "paddingLeft": 20,
                    "paddingRight": 20,
                    "textDecorationLine": "none",
                    "width": 250,
                  },
                  Object {
                    "color": "#F4565C",
                  },
                  Object {
                    "borderColor": "rgba(53,62,67,0.4)",
                  },
                ]
              }
              underlineColorAndroid="transparent"
              value=""
            />
            <TextInput
              allowFontScaling={true}
              colors={
                Object {
                  "colorAccent": "#F4565C",
                  "colorBackgroud": Object {
                    "backgroundColor": "#273138",
                  },
                  "colorBorder": Object {
                    "borderColor": "#F4565C",
                  },
                  "colorButtonBorder": Object {
                    "borderColor": "#353E43",
                  },
                  "colorButtons": Object {
                    "backgroundColor": "#353E43",
                    "borderColor": "#353E43",
                  },
                  "colorDark": "#273138",
                  "colorPrimary": "#353E43",
                  "colorText": Object {
                    "color": "#F4565C",
                  },
                }
              }
              disableFullscreenUI={true}
              dispatch={[Function]}
              onChange={[Function]}
              placeholder="USER NAME"
              placeholderTextColor="rgba(244,86,92,0.5)"
              returnKeyType="next"
              selectTextOnFocus={false}
              selectionColor="rgba(244,86,92,0.2)"
              style={
                Array [
                  Object {
                    "borderRadius": 50,
                    "borderWidth": 2,
                    "fontSize": 17,
                    "height": 40,
                    "marginTop": 10,
                    "paddingLeft": 20,
                    "paddingRight": 20,
                    "textDecorationLine": "none",
                    "width": 250,
                  },
                  Object {
                    "color": "#F4565C",
                  },
                  Object {
                    "borderColor": "rgba(53,62,67,0.4)",
                  },
                ]
              }
              underlineColorAndroid="transparent"
              value=""
            />
            <TextInput
              allowFontScaling={true}
              colors={
                Object {
                  "colorAccent": "#F4565C",
                  "colorBackgroud": Object {
                    "backgroundColor": "#273138",
                  },
                  "colorBorder": Object {
                    "borderColor": "#F4565C",
                  },
                  "colorButtonBorder": Object {
                    "borderColor": "#353E43",
                  },
                  "colorButtons": Object {
                    "backgroundColor": "#353E43",
                    "borderColor": "#353E43",
                  },
                  "colorDark": "#273138",
                  "colorPrimary": "#353E43",
                  "colorText": Object {
                    "color": "#F4565C",
                  },
                }
              }
              disableFullscreenUI={true}
              dispatch={[Function]}
              onChange={[Function]}
              placeholder="EMAIL"
              placeholderTextColor="rgba(244,86,92,0.5)"
              returnKeyType="next"
              selectTextOnFocus={false}
              selectionColor="rgba(244,86,92,0.2)"
              style={
                Array [
                  Object {
                    "borderRadius": 50,
                    "borderWidth": 2,
                    "fontSize": 17,
                    "height": 40,
                    "marginTop": 10,
                    "paddingLeft": 20,
                    "paddingRight": 20,
                    "textDecorationLine": "none",
                    "width": 250,
                  },
                  Object {
                    "color": "#F4565C",
                  },
                  Object {
                    "borderColor": "rgba(53,62,67,0.4)",
                  },
                ]
              }
              underlineColorAndroid="transparent"
              value=""
            />
            <TextInput
              allowFontScaling={true}
              colors={
                Object {
                  "colorAccent": "#F4565C",
                  "colorBackgroud": Object {
                    "backgroundColor": "#273138",
                  },
                  "colorBorder": Object {
                    "borderColor": "#F4565C",
                  },
                  "colorButtonBorder": Object {
                    "borderColor": "#353E43",
                  },
                  "colorButtons": Object {
                    "backgroundColor": "#353E43",
                    "borderColor": "#353E43",
                  },
                  "colorDark": "#273138",
                  "colorPrimary": "#353E43",
                  "colorText": Object {
                    "color": "#F4565C",
                  },
                }
              }
              disableFullscreenUI={true}
              dispatch={[Function]}
              onChange={[Function]}
              placeholder="PASSWORD"
              placeholderTextColor="rgba(244,86,92,0.5)"
              returnKeyType="next"
              secureTextEntry={true}
              selectTextOnFocus={false}
              selectionColor="rgba(244,86,92,0.2)"
              style={
                Array [
                  Object {
                    "borderRadius": 50,
                    "borderWidth": 2,
                    "fontSize": 17,
                    "height": 40,
                    "marginTop": 10,
                    "paddingLeft": 20,
                    "paddingRight": 20,
                    "textDecorationLine": "none",
                    "width": 250,
                  },
                  Object {
                    "color": "#F4565C",
                  },
                  Object {
                    "borderColor": "rgba(53,62,67,0.4)",
                  },
                ]
              }
              underlineColorAndroid="transparent"
              value=""
            />
            <View
              style={
                Object {
                  "alignItems": "center",
                  "height": 60,
                  "justifyContent": "center",
                  "marginTop": 20,
                }
              }
            >
              <View
                accessibilityComponentType={undefined}
                accessibilityLabel={undefined}
                accessibilityTraits={undefined}
                accessible={true}
                collapsable={undefined}
                hasTVPreferredFocus={undefined}
                hitSlop={undefined}
                isTVSelectable={true}
                nativeID={undefined}
                onLayout={undefined}
                onResponderGrant={[Function]}
                onResponderMove={[Function]}
                onResponderRelease={[Function]}
                onResponderTerminate={[Function]}
                onResponderTerminationRequest={[Function]}
                onStartShouldSetResponder={[Function]}
                style={
                  Object {
                    "alignItems": "center",
                    "alignSelf": "center",
                    "backgroundColor": "rgba(53,62,67,0.4)",
                    "borderRadius": 25,
                    "borderWidth": 0,
                    "height": 40,
                    "justifyContent": "center",
                    "opacity": 1,
                    "paddingLeft": 20,
                    "paddingRight": 20,
                  }
                }
                testID={undefined}
                tvParallaxProperties={undefined}
              >
                <Text
                  accessible={true}
                  allowFontScaling={true}
                  ellipsizeMode="tail"
                  style={
                    Array [
                      Object {
                        "fontFamily": "Montserrat-Medium",
                      },
                      Object {
                        "color": "#F4565C",
                      },
                      Object {
                        "fontSize": 26,
                      },
                    ]
                  }
                >
                  SIGN UP
                </Text>
              </View>
            </View>
          </View>
        </RCTScrollView>
      </View>
    </View>
  </View>
</View>
`;
